d:/intigrationagent/.
venv/Scripts/python.e
xe : Traceback (most 
recent call last):
At line:1 char:1
+ d:/intigrationagent
/.venv/Scripts/python
.exe d:/intigrationag
ent/back ...
+ ~~~~~~~~~~~~~~~~~~~
~~~~~~~~~~~~~~~~~~~~~
~~~~~~~~~~~~~~~~~~~~~
~~~~~~~~
    + CategoryInfo   
           : NotSpe  
  cified: (Traceba   
 ck (most recent     
call last)::Stri    
ng) [], RemoteEx    
ception
    + FullyQualified 
   ErrorId : Native  
  CommandError
 
  File "d:\intigratio
nagent\backend\test_g
roq.py", line 11, in 
<module>
    client = Groq(api
_key="test_key")
             ^^^^^^^^
^^^^^^^^^^^^^^^^
  File "D:\intigratio
nagent\.venv\Lib\site
-packages\groq\_clien
t.py", line 99, in 
__init__
    super().__init__(
  File "D:\intigratio
nagent\.venv\Lib\site
-packages\groq\_base_
client.py", line 
843, in __init__
    self._client = 
http_client or SyncHt
tpxClientWrapper(
                     
             ^^^^^^^^
^^^^^^^^^^^^^^^
  File "D:\intigratio
nagent\.venv\Lib\site
-packages\groq\_base_
client.py", line 
741, in __init__
    super().__init__(
**kwargs)
TypeError: 
Client.__init__() 
got an unexpected 
keyword argument 
'proxies'
Python version: 3.12.9 (tags/v3.12.9:fdb8142, Feb  4 2025, 15:27:58) [MSC v.1942 64 bit (AMD64)]
Httpx version: 0.28.1
Attempting to initialize Groq client...
Failed: TypeError: Client.__init__() got an unexpected keyword argument 'proxies'
